// Jest Snapshot v1, https://goo.gl/fbAQLP

exports[`render option menu 1`] = `
Array [
  <section
    class="container"
    data-testid="option menu"
  >
    <div
      class="main"
    >
      <ul
        class="tag__list"
      >
        <form
          class="tag__item"
          data-tesid="select sleeping places"
        >
          <label
            class="tag__title"
            for="sleeping places"
          >
            Спальные места
          </label>
          <div
            class="select css-b62m3t-container"
          >
            <span
              class="css-1f43avz-a11yText-A11yText"
              id="react-select-2-live-region"
            />
            <span
              aria-atomic="false"
              aria-live="polite"
              aria-relevant="additions text"
              class="css-1f43avz-a11yText-A11yText"
            />
            <div
              class=" css-7q3fjo-control"
            >
              <div
                class=" css-fn5jfe-Component"
              >
                <div
                  class=" css-qc6sy-singleValue"
                >
                  2+1
                </div>
                <div
                  class=" css-1u4kn00-Component"
                  data-value=""
                >
                  <input
                    aria-autocomplete="list"
                    aria-expanded="false"
                    aria-haspopup="true"
                    autocapitalize="none"
                    autocomplete="off"
                    autocorrect="off"
                    class=""
                    id="sleeping places"
                    role="combobox"
                    spellcheck="false"
                    style="opacity: 1; width: 100%; grid-area: 1 / 2; min-width: 2px; border: 0px; margin: 0px; outline: 0; padding: 0px;"
                    tabindex="0"
                    type="text"
                    value=""
                  />
                </div>
              </div>
              <div
                class=" css-ny0e4k-Component"
              >
                <span
                  class=" css-ds71as-Component"
                />
                <div
                  aria-hidden="true"
                  class=" css-pkfgqp-indicatorContainer"
                >
                  <svg
                    aria-hidden="true"
                    class="css-tj5bde-Svg"
                    focusable="false"
                    height="20"
                    viewBox="0 0 20 20"
                    width="20"
                  >
                    <path
                      d="M4.516 7.548c0.436-0.446 1.043-0.481 1.576 0l3.908 3.747 3.908-3.747c0.533-0.481 1.141-0.446 1.574 0 0.436 0.445 0.408 1.197 0 1.615-0.406 0.418-4.695 4.502-4.695 4.502-0.217 0.223-0.502 0.335-0.787 0.335s-0.57-0.112-0.789-0.335c0 0-4.287-4.084-4.695-4.502s-0.436-1.17 0-1.615z"
                    />
                  </svg>
                </div>
              </div>
            </div>
            <input
              name="sleeping places"
              type="hidden"
              value="2+1"
            />
          </div>
        </form>
        <div
          class="tag__item"
        >
          <p
            class="tag__title"
          >
            Район
          </p>
          <div
            class="select css-b62m3t-container"
          >
            <span
              class="css-1f43avz-a11yText-A11yText"
              id="react-select-3-live-region"
            />
            <span
              aria-atomic="false"
              aria-live="polite"
              aria-relevant="additions text"
              class="css-1f43avz-a11yText-A11yText"
            />
            <div
              class=" css-7q3fjo-control"
            >
              <div
                class=" css-fn5jfe-Component"
              >
                <div
                  class=" css-gxrbjt-placeholder"
                  id="react-select-3-placeholder"
                >
                  Выберите
                </div>
                <div
                  class=" css-1u4kn00-Component"
                  data-value=""
                >
                  <input
                    aria-autocomplete="list"
                    aria-describedby="react-select-3-placeholder"
                    aria-expanded="false"
                    aria-haspopup="true"
                    autocapitalize="none"
                    autocomplete="off"
                    autocorrect="off"
                    class=""
                    id="react-select-3-input"
                    role="combobox"
                    spellcheck="false"
                    style="opacity: 1; width: 100%; grid-area: 1 / 2; min-width: 2px; border: 0px; margin: 0px; outline: 0; padding: 0px;"
                    tabindex="0"
                    type="text"
                    value=""
                  />
                </div>
              </div>
              <div
                class=" css-ny0e4k-Component"
              >
                <span
                  class=" css-ds71as-Component"
                />
                <div
                  aria-hidden="true"
                  class=" css-pkfgqp-indicatorContainer"
                >
                  <svg
                    aria-hidden="true"
                    class="css-tj5bde-Svg"
                    focusable="false"
                    height="20"
                    viewBox="0 0 20 20"
                    width="20"
                  >
                    <path
                      d="M4.516 7.548c0.436-0.446 1.043-0.481 1.576 0l3.908 3.747 3.908-3.747c0.533-0.481 1.141-0.446 1.574 0 0.436 0.445 0.408 1.197 0 1.615-0.406 0.418-4.695 4.502-4.695 4.502-0.217 0.223-0.502 0.335-0.787 0.335s-0.57-0.112-0.789-0.335c0 0-4.287-4.084-4.695-4.502s-0.436-1.17 0-1.615z"
                    />
                  </svg>
                </div>
              </div>
            </div>
          </div>
        </div>
        <div
          class="tag__item"
        >
          <p
            class="tag__title"
          >
            Метро
          </p>
          <div
            class="select css-b62m3t-container"
          >
            <span
              class="css-1f43avz-a11yText-A11yText"
              id="react-select-4-live-region"
            />
            <span
              aria-atomic="false"
              aria-live="polite"
              aria-relevant="additions text"
              class="css-1f43avz-a11yText-A11yText"
            />
            <div
              class=" css-7q3fjo-control"
            >
              <div
                class=" css-fn5jfe-Component"
              >
                <div
                  class=" css-gxrbjt-placeholder"
                  id="react-select-4-placeholder"
                >
                  Выберите
                </div>
                <div
                  class=" css-1u4kn00-Component"
                  data-value=""
                >
                  <input
                    aria-autocomplete="list"
                    aria-describedby="react-select-4-placeholder"
                    aria-expanded="false"
                    aria-haspopup="true"
                    autocapitalize="none"
                    autocomplete="off"
                    autocorrect="off"
                    class=""
                    id="react-select-4-input"
                    role="combobox"
                    spellcheck="false"
                    style="opacity: 1; width: 100%; grid-area: 1 / 2; min-width: 2px; border: 0px; margin: 0px; outline: 0; padding: 0px;"
                    tabindex="0"
                    type="text"
                    value=""
                  />
                </div>
              </div>
              <div
                class=" css-ny0e4k-Component"
              >
                <span
                  class=" css-ds71as-Component"
                />
                <div
                  aria-hidden="true"
                  class=" css-pkfgqp-indicatorContainer"
                >
                  <svg
                    aria-hidden="true"
                    class="css-tj5bde-Svg"
                    focusable="false"
                    height="20"
                    viewBox="0 0 20 20"
                    width="20"
                  >
                    <path
                      d="M4.516 7.548c0.436-0.446 1.043-0.481 1.576 0l3.908 3.747 3.908-3.747c0.533-0.481 1.141-0.446 1.574 0 0.436 0.445 0.408 1.197 0 1.615-0.406 0.418-4.695 4.502-4.695 4.502-0.217 0.223-0.502 0.335-0.787 0.335s-0.57-0.112-0.789-0.335c0 0-4.287-4.084-4.695-4.502s-0.436-1.17 0-1.615z"
                    />
                  </svg>
                </div>
              </div>
            </div>
          </div>
        </div>
      </ul>
      <ul
        class="check__list"
      >
        <button
          class="check__item"
        >
          <section
            class="container"
            data-testid="checkbox"
          >
            <img
              src="/assets/images/check.svg"
            />
          </section>
          <p
            class="check__title"
          >
            Газовая плита
          </p>
        </button>
        <button
          class="check__item"
        >
          <section
            class="container"
            data-testid="checkbox"
          >
            <img
              src="/assets/images/check.svg"
            />
          </section>
          <p
            class="check__title"
          >
            Духовка
          </p>
        </button>
        <button
          class="check__item"
        >
          <section
            class="container"
            data-testid="checkbox"
          >
            <img
              src="/assets/images/check.svg"
            />
          </section>
          <p
            class="check__title"
          >
            Кофеварка
          </p>
        </button>
        <button
          class="check__item"
        >
          <section
            class="container"
            data-testid="checkbox"
          >
            <img
              src="/assets/images/check.svg"
            />
          </section>
          <p
            class="check__title"
          >
            Микроволновая печь
          </p>
        </button>
        <button
          class="check__item"
        >
          <section
            class="container"
            data-testid="checkbox"
          >
            <img
              src="/assets/images/check.svg"
            />
          </section>
          <p
            class="check__title"
          >
            Посуда
          </p>
        </button>
        <button
          class="check__item"
        >
          <section
            class="container"
            data-testid="checkbox"
          >
            <img
              src="/assets/images/check.svg"
            />
          </section>
          <p
            class="check__title"
          >
            Посудочная машина
          </p>
        </button>
      </ul>
    </div>
  </section>,
]
`;
